// Jest Snapshot v1, https://goo.gl/fbAQLP

exports[`ListView renders 1`] = `
<div
  className="ag-theme-material"
  style={
    Object {
      "height": "100vh",
      "width": "100vw",
    }
  }
>
  <div
    style={
      Object {
        "height": "100%",
      }
    }
  />
</div>
`;
